2019-01-16 22:01:56,917 - mylogger - INFO - 输出CSV
2019-01-16 22:02:00,757 - mylogger - INFO - 联网失败
2019-01-16 22:04:09,242 - Assignment - INFO - 输出CSV
2019-01-16 22:04:13,254 - Assignment - INFO - 联网失败
2019-01-16 22:13:52,297 - Assignment - INFO - assignment.para成功转换到C:\Demo_Data\Local_Temp\SH-022-CM-BG.csv
2019-01-16 22:13:56,273 - Assignment - ERROR - (10.202.0.200)网络连接失败,请检查网络后再试
2019-01-16 22:15:13,011 - Assignment - INFO - assignment.para成功转换并保存为C:\Demo_Data\Local_Temp\SH-022-CM-BG.csv
2019-01-16 22:15:13,011 - Assignment - INFO - (10.202.0.200)网络连接成功
2019-01-16 22:15:13,015 - Assignment - INFO - C:\Demo_Data\Local_Temp\SH-022-CM-BG.csv成功上传至C:\Temp\UserList
2019-01-16 22:15:13,016 - Assignment - INFO - C:\Demo_Data\Local_Temp\SH-022-CM-BG.csv成功上传至C:\Temp\Contract_Measurement
